<testsuites id="" name="" tests="37" failures="0" skipped="14" errors="0" time="348.66205099999996">
<testsuite name="tests/alerts.spec.js" timestamp="2025-05-29T19:53:49.137Z" hostname="firefox-1920x1080" tests="9" failures="0" skipped="0" time="155.242" errors="0">
<testcase name="Alerts Page Tests › Should handle simple alert" classname="tests/alerts.spec.js" time="52.073">
<system-out>
<![CDATA[Navigation attempt 1/4 to /alerts
Navigation to /alerts successful on attempt 1
Waiting for element #alertButton, attempt 1/3
Waiting for element #alertButton, attempt 1/3
]]>
</system-out>
</testcase>
<testcase name="Alerts Page Tests › Should handle timer alert after 5 seconds" classname="tests/alerts.spec.js" time="24.265">
<system-out>
<![CDATA[Navigation attempt 1/4 to /alerts
Navigation to /alerts successful on attempt 1
Waiting for element #alertButton, attempt 1/3
Waiting for element #timerAlertButton, attempt 1/3
]]>
</system-out>
</testcase>
<testcase name="Alerts Page Tests › Should handle confirm dialog - Accept" classname="tests/alerts.spec.js" time="13.304">
<system-out>
<![CDATA[Navigation attempt 1/4 to /alerts
Navigation to /alerts successful on attempt 1
Waiting for element #alertButton, attempt 1/3
Waiting for element #confirmButton, attempt 1/3
Waiting for element #confirmResult, attempt 1/3
]]>
</system-out>
</testcase>
<testcase name="Alerts Page Tests › Should handle confirm dialog - Cancel" classname="tests/alerts.spec.js" time="6.935">
<system-out>
<![CDATA[Navigation attempt 1/4 to /alerts
Navigation to /alerts successful on attempt 1
Waiting for element #alertButton, attempt 1/3
Waiting for element #confirmButton, attempt 1/3
Waiting for element #confirmResult, attempt 1/3
]]>
</system-out>
</testcase>
<testcase name="Alerts Page Tests › Should handle prompt dialog with random input - Test 1" classname="tests/alerts.spec.js" time="10.598">
<system-out>
<![CDATA[Navigation attempt 1/4 to /alerts
Navigation to /alerts successful on attempt 1
Waiting for element #alertButton, attempt 1/3
Waiting for element #promtButton, attempt 1/3
Waiting for element #promptResult, attempt 1/3
]]>
</system-out>
</testcase>
<testcase name="Alerts Page Tests › Should handle prompt dialog with random input - Test 2" classname="tests/alerts.spec.js" time="7.51">
<system-out>
<![CDATA[Navigation attempt 1/4 to /alerts
Navigation to /alerts successful on attempt 1
Waiting for element #alertButton, attempt 1/3
Waiting for element #promtButton, attempt 1/3
Waiting for element #promptResult, attempt 1/3
]]>
</system-out>
</testcase>
<testcase name="Alerts Page Tests › Should handle prompt dialog with random input - Test 3" classname="tests/alerts.spec.js" time="8.736">
<system-out>
<![CDATA[Navigation attempt 1/4 to /alerts
Navigation to /alerts successful on attempt 1
Waiting for element #alertButton, attempt 1/3
Waiting for element #promtButton, attempt 1/3
Waiting for element #promptResult, attempt 1/3
]]>
</system-out>
</testcase>
<testcase name="Alerts Page Tests › Should handle prompt dialog with random input - Test 4" classname="tests/alerts.spec.js" time="23.819">
<system-out>
<![CDATA[Navigation attempt 1/4 to /alerts
Navigation to /alerts successful on attempt 1
Waiting for element #alertButton, attempt 1/3
Waiting for element #promtButton, attempt 1/3
Waiting for element #promptResult, attempt 1/3
]]>
</system-out>
</testcase>
<testcase name="Alerts Page Tests › Should handle prompt dialog with random input - Test 5" classname="tests/alerts.spec.js" time="8.002">
<system-out>
<![CDATA[Navigation attempt 1/4 to /alerts
Navigation to /alerts successful on attempt 1
Waiting for element #alertButton, attempt 1/3
Waiting for element #promtButton, attempt 1/3
Waiting for element #promptResult, attempt 1/3
]]>
</system-out>
</testcase>
</testsuite>
<testsuite name="tests/automation-practice-form.spec.js" timestamp="2025-05-29T19:53:49.137Z" hostname="firefox-1920x1080" tests="8" failures="0" skipped="0" time="140.133" errors="0">
<testcase name="Automation Practice Form Tests › Should fill and submit form - Random data set 1" classname="tests/automation-practice-form.spec.js" time="15.6">
<system-out>
<![CDATA[Navigation attempt 1/4 to /automation-practice-form
Navigation to /automation-practice-form successful on attempt 1
Waiting for element #firstName, attempt 1/3
Waiting for element #firstName, attempt 1/3
Waiting for element #lastName, attempt 1/3
Waiting for element #userEmail, attempt 1/3
Waiting for element #userNumber, attempt 1/3
Waiting for element #submit, attempt 1/3
Waiting for element .modal-dialog, attempt 1/3
Waiting for element #example-modal-sizes-title-lg, attempt 1/3
Waiting for element .modal-dialog, attempt 1/3
Waiting for element #closeLargeModal, attempt 1/3
]]>
</system-out>
</testcase>
<testcase name="Automation Practice Form Tests › Should fill and submit form - Random data set 2" classname="tests/automation-practice-form.spec.js" time="15.44">
<system-out>
<![CDATA[Navigation attempt 1/4 to /automation-practice-form
Navigation to /automation-practice-form successful on attempt 1
Waiting for element #firstName, attempt 1/3
Waiting for element #firstName, attempt 1/3
Waiting for element #lastName, attempt 1/3
Waiting for element #userEmail, attempt 1/3
Waiting for element #userNumber, attempt 1/3
Waiting for element #submit, attempt 1/3
Waiting for element .modal-dialog, attempt 1/3
Waiting for element #example-modal-sizes-title-lg, attempt 1/3
Waiting for element .modal-dialog, attempt 1/3
Waiting for element #closeLargeModal, attempt 1/3
]]>
</system-out>
</testcase>
<testcase name="Automation Practice Form Tests › Should fill and submit form - Random data set 3" classname="tests/automation-practice-form.spec.js" time="18.769">
<system-out>
<![CDATA[Navigation attempt 1/4 to /automation-practice-form
Navigation to /automation-practice-form successful on attempt 1
Waiting for element #firstName, attempt 1/3
Waiting for element #firstName, attempt 1/3
Waiting for element #lastName, attempt 1/3
Waiting for element #userEmail, attempt 1/3
Waiting for element #userNumber, attempt 1/3
Waiting for element #submit, attempt 1/3
Waiting for element .modal-dialog, attempt 1/3
Waiting for element #example-modal-sizes-title-lg, attempt 1/3
Waiting for element .modal-dialog, attempt 1/3
Waiting for element #closeLargeModal, attempt 1/3
]]>
</system-out>
</testcase>
<testcase name="Automation Practice Form Tests › Should fill and submit form - Random data set 4" classname="tests/automation-practice-form.spec.js" time="35.736">
<system-out>
<![CDATA[Navigation attempt 1/4 to /automation-practice-form
Navigation to /automation-practice-form successful on attempt 1
Waiting for element #firstName, attempt 1/3
Waiting for element #firstName, attempt 1/3
Waiting for element #lastName, attempt 1/3
Waiting for element #userEmail, attempt 1/3
Waiting for element #userNumber, attempt 1/3
Waiting for element #submit, attempt 1/3
Waiting for element .modal-dialog, attempt 1/3
Waiting for element #example-modal-sizes-title-lg, attempt 1/3
Waiting for element .modal-dialog, attempt 1/3
Waiting for element #closeLargeModal, attempt 1/3
]]>
</system-out>
</testcase>
<testcase name="Automation Practice Form Tests › Should fill and submit form - Random data set 5" classname="tests/automation-practice-form.spec.js" time="13.772">
<system-out>
<![CDATA[Navigation attempt 1/4 to /automation-practice-form
Navigation to /automation-practice-form successful on attempt 1
Waiting for element #firstName, attempt 1/3
Waiting for element #firstName, attempt 1/3
Waiting for element #lastName, attempt 1/3
Waiting for element #userEmail, attempt 1/3
Waiting for element #userNumber, attempt 1/3
Waiting for element #submit, attempt 1/3
Waiting for element .modal-dialog, attempt 1/3
Waiting for element #example-modal-sizes-title-lg, attempt 1/3
Waiting for element .modal-dialog, attempt 1/3
Waiting for element #closeLargeModal, attempt 1/3
]]>
</system-out>
</testcase>
<testcase name="Automation Practice Form Tests › Should fill and submit form - Long names test" classname="tests/automation-practice-form.spec.js" time="13.725">
<system-out>
<![CDATA[Navigation attempt 1/4 to /automation-practice-form
Navigation to /automation-practice-form successful on attempt 1
Waiting for element #firstName, attempt 1/3
Waiting for element #firstName, attempt 1/3
Waiting for element #lastName, attempt 1/3
Waiting for element #userEmail, attempt 1/3
Waiting for element #userNumber, attempt 1/3
Waiting for element #submit, attempt 1/3
Waiting for element .modal-dialog, attempt 1/3
Waiting for element #example-modal-sizes-title-lg, attempt 1/3
Waiting for element .modal-dialog, attempt 1/3
Waiting for element #closeLargeModal, attempt 1/3
]]>
</system-out>
</testcase>
<testcase name="Automation Practice Form Tests › Should fill and submit form - Special characters test" classname="tests/automation-practice-form.spec.js" time="14.017">
<system-out>
<![CDATA[Navigation attempt 1/4 to /automation-practice-form
Navigation to /automation-practice-form successful on attempt 1
Waiting for element #firstName, attempt 1/3
Waiting for element #firstName, attempt 1/3
Waiting for element #lastName, attempt 1/3
Waiting for element #userEmail, attempt 1/3
Waiting for element #userNumber, attempt 1/3
Waiting for element #submit, attempt 1/3
Waiting for element .modal-dialog, attempt 1/3
Waiting for element #example-modal-sizes-title-lg, attempt 1/3
Waiting for element .modal-dialog, attempt 1/3
Waiting for element #closeLargeModal, attempt 1/3
]]>
</system-out>
</testcase>
<testcase name="Automation Practice Form Tests › Should validate form with empty fields handling" classname="tests/automation-practice-form.spec.js" time="13.074">
<system-out>
<![CDATA[Navigation attempt 1/4 to /automation-practice-form
Navigation to /automation-practice-form successful on attempt 1
Waiting for element #firstName, attempt 1/3
Waiting for element #submit, attempt 1/3
]]>
</system-out>
</testcase>
</testsuite>
<testsuite name="tests/select-menu.spec.js" timestamp="2025-05-29T19:53:49.137Z" hostname="firefox-1920x1080" tests="6" failures="0" skipped="0" time="44.602" errors="0">
<testcase name="Select Menu Tests › Should select Group 2, option 1 from Select Value dropdown" classname="tests/select-menu.spec.js" time="6.561">
<system-out>
<![CDATA[Navigation attempt 1/4 to /select-menu
Navigation to /select-menu successful on attempt 1
Waiting for element #withOptGroup, attempt 1/3
Waiting for element #withOptGroup, attempt 1/3
]]>
</system-out>
</testcase>
<testcase name="Select Menu Tests › Should select Other from Select One dropdown" classname="tests/select-menu.spec.js" time="5.665">
<system-out>
<![CDATA[Navigation attempt 1/4 to /select-menu
Navigation to /select-menu successful on attempt 1
Waiting for element #withOptGroup, attempt 1/3
Waiting for element #selectOne, attempt 1/3
]]>
</system-out>
</testcase>
<testcase name="Select Menu Tests › Should select Green from Old Style Select Menu" classname="tests/select-menu.spec.js" time="4.291">
<system-out>
<![CDATA[Navigation attempt 1/4 to /select-menu
Navigation to /select-menu successful on attempt 1
Waiting for element #withOptGroup, attempt 1/3
]]>
</system-out>
</testcase>
<testcase name="Select Menu Tests › Should select Black and Blue from Multiselect dropdown" classname="tests/select-menu.spec.js" time="7.315">
<system-out>
<![CDATA[Navigation attempt 1/4 to /select-menu
Navigation to /select-menu successful on attempt 1
Waiting for element #withOptGroup, attempt 1/3
]]>
</system-out>
</testcase>
<testcase name="Select Menu Tests › Should perform all required selections as specified" classname="tests/select-menu.spec.js" time="11.677">
<system-out>
<![CDATA[Navigation attempt 1/4 to /select-menu
Navigation to /select-menu successful on attempt 1
Waiting for element #withOptGroup, attempt 1/3
Waiting for element #withOptGroup, attempt 1/3
Waiting for element #selectOne, attempt 1/3
]]>
</system-out>
</testcase>
<testcase name="Select Menu Tests › Should handle dropdown interactions without conflicts" classname="tests/select-menu.spec.js" time="9.093">
<system-out>
<![CDATA[Navigation attempt 1/4 to /select-menu
Navigation to /select-menu successful on attempt 1
Waiting for element #withOptGroup, attempt 1/3
Waiting for element #withOptGroup, attempt 1/3
Waiting for element #selectOne, attempt 1/3
]]>
</system-out>
</testcase>
</testsuite>
<testsuite name="tests/text-box.spec.js" timestamp="2025-05-29T19:53:49.137Z" hostname="firefox-1920x1080" tests="8" failures="0" skipped="8" time="5.849" errors="0">
<testcase name="Text Box Tests › Should fill text box with random data set 1" classname="tests/text-box.spec.js" time="5.849">
<skipped>
</skipped>
</testcase>
<testcase name="Text Box Tests › Should fill text box with random data set 2" classname="tests/text-box.spec.js" time="0">
<skipped>
</skipped>
</testcase>
<testcase name="Text Box Tests › Should fill text box with random data set 3" classname="tests/text-box.spec.js" time="0">
<skipped>
</skipped>
</testcase>
<testcase name="Text Box Tests › Should fill text box with random data set 4" classname="tests/text-box.spec.js" time="0">
<skipped>
</skipped>
</testcase>
<testcase name="Text Box Tests › Should fill text box with random data set 5" classname="tests/text-box.spec.js" time="0">
<skipped>
</skipped>
</testcase>
<testcase name="Text Box Tests › Should fill text box with specific test data for edge cases" classname="tests/text-box.spec.js" time="0">
<skipped>
</skipped>
</testcase>
<testcase name="Text Box Tests › Should handle empty fields properly" classname="tests/text-box.spec.js" time="0">
<skipped>
</skipped>
</testcase>
<testcase name="Text Box Tests › Should fill text box with special characters" classname="tests/text-box.spec.js" time="0">
<skipped>
</skipped>
</testcase>
</testsuite>
<testsuite name="tests/tool-tips.spec.js" timestamp="2025-05-29T19:53:49.137Z" hostname="firefox-1920x1080" tests="6" failures="0" skipped="6" time="0" errors="0">
<testcase name="Tool Tips Tests › Should display tooltip when hovering over button" classname="tests/tool-tips.spec.js" time="0">
<skipped>
</skipped>
</testcase>
<testcase name="Tool Tips Tests › Should display tooltip when hovering over text field" classname="tests/tool-tips.spec.js" time="0">
<skipped>
</skipped>
</testcase>
<testcase name="Tool Tips Tests › Should display tooltip when hovering over Contrary link" classname="tests/tool-tips.spec.js" time="0">
<skipped>
</skipped>
</testcase>
<testcase name="Tool Tips Tests › Should display tooltip when hovering over section link" classname="tests/tool-tips.spec.js" time="0">
<skipped>
</skipped>
</testcase>
<testcase name="Tool Tips Tests › Should check text on all tooltips" classname="tests/tool-tips.spec.js" time="0">
<skipped>
</skipped>
</testcase>
<testcase name="Tool Tips Tests › Should display tooltips sequentially without interference" classname="tests/tool-tips.spec.js" time="0">
<skipped>
</skipped>
</testcase>
</testsuite>
</testsuites>